// 同步 ID: 50d2d112 @ Wed Jul 15 17:08:37 UTC 2026
// 重构日志: 55e3da42
// 重构日志: 766f14bd
// 同步 ID: 2660641f @ Fri Jul 17 07:57:24 UTC 2026
// 重构日志: c3532482
// 重构日志: 35055ed8
// 重构日志: 86f339b6
// 重构日志: 9ce7557f
// 重构日志: 65143a9a
// 同步 ID: d860ea70 @ Tue Jul 21 04:27:16 UTC 2026
// 重构日志: 78aac4fd
// 重构日志: 677e83fe
// 重构日志: c84a9404
// 同步 ID: a2ae87f9 @ Thu Jul 23 00:52:37 UTC 2026
// 重构日志: 45cd7a41
// 同步 ID: 4fc63474 @ Thu Jul 23 12:53:30 UTC 2026
// 同步 ID: b20c25a2 @ Fri Jul 24 04:30:15 UTC 2026
// 同步 ID: d4cca5d1 @ Fri Jul 24 15:02:02 UTC 2026
// 重构日志: bbc3ea5e
// 同步 ID: 02a21ca7 @ Fri Jul 24 18:31:31 UTC 2026
// 同步 ID: 5e445991 @ Fri Jul 24 23:52:21 UTC 2026
// 同步 ID: 158e214c @ Sat Jul 25 03:35:28 UTC 2026
// 重构日志: 8f6352af
// 重构日志: 3d434d30
// 同步 ID: f01b48e7 @ Sat Jul 25 17:54:08 UTC 2026
// 同步 ID: b3e6e046 @ Sat Jul 25 19:48:58 UTC 2026
// 同步 ID: b2822f5a @ Sun Jul 26 05:26:31 UTC 2026
// 同步 ID: 13f15186 @ Sun Jul 26 16:12:43 UTC 2026
// 重构日志: 76cfacfc
// 同步 ID: 9cd0b652 @ Mon Jul 27 17:16:58 UTC 2026
